// Jest Snapshot v1, https://goo.gl/fbAQLP

exports[`screens.Home Tests Home - default 1`] = `
<RCTSafeAreaView
  emulateUnlessSupported={true}
  style={
    Object {
      "backgroundColor": "#ffffff",
      "flex": 1,
    }
  }
  testID="safeAreaView"
>
  <View
    style={
      Array [
        Object {
          "backgroundColor": "#ffffff",
          "flex": 1,
        },
        undefined,
      ]
    }
  >
    <View
      style={
        Object {
          "alignItems": "center",
          "flex": 1,
          "justifyContent": "space-between",
          "paddingHorizontal": 24,
        }
      }
    >
      <View
        style={
          Object {
            "paddingBottom": 8,
            "paddingTop": 8,
            "width": "100%",
          }
        }
      >
        <Image
          source={
            Object {
              "testUri": "../../../src/components/Logo/images/logo.png",
            }
          }
          style={
            Object {
              "alignSelf": "center",
              "height": 100,
              "width": 100,
            }
          }
        />
        <Text
          style={
            Object {
              "color": "#395596",
              "fontFamily": "JetBrainsMono-Regular",
              "fontSize": 18,
              "paddingTop": 2,
              "textAlign": "center",
            }
          }
        >
          Dia-Log
        </Text>
      </View>
      <View
        style={Object {}}
      >
        <Text
          style={
            Object {
              "color": "#395596",
              "fontFamily": "JetBrainsMono-Bold",
              "fontSize": 30,
              "textAlign": "center",
            }
          }
        >
          Hello [missing %{name} value]
        </Text>
        <Text
          style={
            Object {
              "color": "#395596",
              "fontFamily": "JetBrainsMono-Bold",
              "fontSize": 30,
              "textAlign": "center",
            }
          }
        >
          Start self-monitoring
        </Text>
        <View
          style={
            Object {
              "paddingTop": 16,
            }
          }
        >
          <View
            accessible={true}
            focusable={true}
            onClick={[Function]}
            onResponderGrant={[Function]}
            onResponderMove={[Function]}
            onResponderRelease={[Function]}
            onResponderTerminate={[Function]}
            onResponderTerminationRequest={[Function]}
            onStartShouldSetResponder={[Function]}
            style={
              Object {
                "opacity": 1,
              }
            }
            testID="settings-button"
          >
            <View
              style={
                Object {
                  "alignSelf": "center",
                  "backgroundColor": "#ffffff",
                  "borderColor": "#395596",
                  "borderRadius": 22,
                  "borderWidth": 1,
                  "flexDirection": "row",
                  "justifyContent": "center",
                  "paddingHorizontal": 8,
                  "paddingVertical": 4,
                  "width": "100%",
                }
              }
            >
              <Text
                style={
                  Object {
                    "color": "#395596",
                    "fontFamily": "JetBrainsMono-Bold",
                    "fontSize": 20,
                    "textAlign": "center",
                  }
                }
              >
                asd
              </Text>
            </View>
          </View>
        </View>
      </View>
      <View
        style={
          Object {
            "alignItems": "flex-start",
            "paddingBottom": 32,
            "width": "100%",
          }
        }
      >
        <View
          style={
            Object {
              "paddingBottom": 12,
            }
          }
        >
          <View
            accessible={true}
            focusable={true}
            onClick={[Function]}
            onResponderGrant={[Function]}
            onResponderMove={[Function]}
            onResponderRelease={[Function]}
            onResponderTerminate={[Function]}
            onResponderTerminationRequest={[Function]}
            onStartShouldSetResponder={[Function]}
            style={
              Object {
                "alignItems": "flex-start",
                "flexDirection": "row",
                "opacity": 1,
              }
            }
          >
            <View
              style={
                Object {
                  "alignSelf": "center",
                  "paddingRight": 12,
                }
              }
            >
              <RNSVGSvgView
                align="xMidYMid"
                bbHeight={16}
                bbWidth={16}
                fill="#395596"
                focusable={false}
                height={16}
                meetOrSlice={0}
                minX={0}
                minY={0}
                secondaryFill={null}
                secondaryOpacity={0.4}
                size={16}
                style={
                  Array [
                    Object {
                      "backgroundColor": "transparent",
                      "borderWidth": 0,
                    },
                    Object {},
                    Object {
                      "flex": 0,
                      "height": 16,
                      "width": 16,
                    },
                  ]
                }
                vbHeight={512}
                vbWidth={384}
                width={16}
              >
                <RNSVGGroup
                  fill={4281947542}
                  propList={
                    Array [
                      "fill",
                    ]
                  }
                >
                  <RNSVGPath
                    d="M288 248v28c0 6.6-5.4 12-12 12H108c-6.6 0-12-5.4-12-12v-28c0-6.6 5.4-12 12-12h168c6.6 0 12 5.4 12 12zm-12 72H108c-6.6 0-12 5.4-12 12v28c0 6.6 5.4 12 12 12h168c6.6 0 12-5.4 12-12v-28c0-6.6-5.4-12-12-12zm108-188.1V464c0 26.5-21.5 48-48 48H48c-26.5 0-48-21.5-48-48V48C0 21.5 21.5 0 48 0h204.1C264.8 0 277 5.1 286 14.1L369.9 98c9 8.9 14.1 21.2 14.1 33.9zm-128-80V128h76.1L256 51.9zM336 464V176H232c-13.3 0-24-10.7-24-24V48H48v416h288z"
                    fill={4281947542}
                    fillOpacity={1}
                    propList={
                      Array [
                        "fill",
                        "fillOpacity",
                      ]
                    }
                  />
                </RNSVGGroup>
              </RNSVGSvgView>
            </View>
            <Text
              style={
                Object {
                  "alignSelf": "center",
                  "color": "#395596",
                  "fontFamily": "JetBrainsMono-Medium",
                  "fontSize": 18,
                }
              }
            >
              Profile
            </Text>
          </View>
        </View>
        <View
          style={
            Object {
              "paddingBottom": 12,
            }
          }
        >
          <View
            accessible={true}
            focusable={true}
            onClick={[Function]}
            onResponderGrant={[Function]}
            onResponderMove={[Function]}
            onResponderRelease={[Function]}
            onResponderTerminate={[Function]}
            onResponderTerminationRequest={[Function]}
            onStartShouldSetResponder={[Function]}
            style={
              Object {
                "alignItems": "flex-start",
                "flexDirection": "row",
                "opacity": 1,
              }
            }
          >
            <View
              style={
                Object {
                  "alignSelf": "center",
                  "paddingRight": 12,
                }
              }
            >
              <RNSVGSvgView
                align="xMidYMid"
                bbHeight={16}
                bbWidth={16}
                fill="#395596"
                focusable={false}
                height={16}
                meetOrSlice={0}
                minX={0}
                minY={0}
                secondaryFill={null}
                secondaryOpacity={0.4}
                size={16}
                style={
                  Array [
                    Object {
                      "backgroundColor": "transparent",
                      "borderWidth": 0,
                    },
                    Object {},
                    Object {
                      "flex": 0,
                      "height": 16,
                      "width": 16,
                    },
                  ]
                }
                vbHeight={512}
                vbWidth={576}
                width={16}
              >
                <RNSVGGroup
                  fill={4281947542}
                  propList={
                    Array [
                      "fill",
                    ]
                  }
                >
                  <RNSVGPath
                    d="M288 144a110.94 110.94 0 0 0-31.24 5 55.4 55.4 0 0 1 7.24 27 56 56 0 0 1-56 56 55.4 55.4 0 0 1-27-7.24A111.71 111.71 0 1 0 288 144zm284.52 97.4C518.29 135.59 410.93 64 288 64S57.68 135.64 3.48 241.41a32.35 32.35 0 0 0 0 29.19C57.71 376.41 165.07 448 288 448s230.32-71.64 284.52-177.41a32.35 32.35 0 0 0 0-29.19zM288 400c-98.65 0-189.09-55-237.93-144C98.91 167 189.34 112 288 112s189.09 55 237.93 144C477.1 345 386.66 400 288 400z"
                    fill={4281947542}
                    fillOpacity={1}
                    propList={
                      Array [
                        "fill",
                        "fillOpacity",
                      ]
                    }
                  />
                </RNSVGGroup>
              </RNSVGSvgView>
            </View>
            <Text
              style={
                Object {
                  "alignSelf": "center",
                  "color": "#395596",
                  "fontFamily": "JetBrainsMono-Medium",
                  "fontSize": 18,
                }
              }
            >
              Logout
            </Text>
          </View>
        </View>
      </View>
    </View>
  </View>
</RCTSafeAreaView>
`;
