// Jest Snapshot v1, https://goo.gl/fbAQLP

exports[`components.HomeMenuRow Tests default render 1`] = `
<View
  style={
    Object {
      "paddingBottom": 12,
    }
  }
>
  <View
    accessible={true}
    focusable={true}
    onClick={[Function]}
    onResponderGrant={[Function]}
    onResponderMove={[Function]}
    onResponderRelease={[Function]}
    onResponderTerminate={[Function]}
    onResponderTerminationRequest={[Function]}
    onStartShouldSetResponder={[Function]}
    style={
      Object {
        "alignItems": "flex-start",
        "flexDirection": "row",
        "opacity": 1,
      }
    }
  >
    <View
      style={
        Object {
          "alignSelf": "center",
          "paddingRight": 12,
        }
      }
    >
      <RNSVGSvgView
        align="xMidYMid"
        bbHeight={16}
        bbWidth={16}
        fill="#ffffff"
        focusable={false}
        height={16}
        meetOrSlice={0}
        minX={0}
        minY={0}
        secondaryFill={null}
        secondaryOpacity={0.4}
        size={16}
        style={
          Array [
            Object {
              "backgroundColor": "transparent",
              "borderWidth": 0,
            },
            Object {},
            Object {
              "flex": 0,
              "height": 16,
              "width": 16,
            },
          ]
        }
        vbHeight={512}
        vbWidth={448}
        width={16}
      >
        <RNSVGGroup
          fill={4294967295}
          propList={
            Array [
              "fill",
            ]
          }
        >
          <RNSVGPath
            d="M313.6 304c-28.7 0-42.5 16-89.6 16-47.1 0-60.8-16-89.6-16C60.2 304 0 364.2 0 438.4V464c0 26.5 21.5 48 48 48h352c26.5 0 48-21.5 48-48v-25.6c0-74.2-60.2-134.4-134.4-134.4zM400 464H48v-25.6c0-47.6 38.8-86.4 86.4-86.4 14.6 0 38.3 16 89.6 16 51.7 0 74.9-16 89.6-16 47.6 0 86.4 38.8 86.4 86.4V464zM224 288c79.5 0 144-64.5 144-144S303.5 0 224 0 80 64.5 80 144s64.5 144 144 144zm0-240c52.9 0 96 43.1 96 96s-43.1 96-96 96-96-43.1-96-96 43.1-96 96-96z"
            fill={4294967295}
            fillOpacity={1}
            propList={
              Array [
                "fill",
                "fillOpacity",
              ]
            }
          />
        </RNSVGGroup>
      </RNSVGSvgView>
    </View>
    <Text
      style={
        Object {
          "alignSelf": "center",
          "color": "#ffffff",
          "fontFamily": "circular_std_medium",
          "fontSize": 18,
        }
      }
    >
      Sample text
    </Text>
  </View>
</View>
`;
