// Jest Snapshot v1, https://goo.gl/fbAQLP

exports[`components.Container Snapshot Test 1`] = `
<RCTSafeAreaView
  emulateUnlessSupported={true}
  style={
    Object {
      "backgroundColor": "#ffffff",
      "flex": 1,
    }
  }
  testID="safeAreaView"
>
  <View
    style={
      Array [
        Object {
          "backgroundColor": "#ffffff",
          "flex": 1,
        },
        undefined,
      ]
    }
  />
</RCTSafeAreaView>
`;
